// Jest Snapshot v1, https://goo.gl/fbAQLP

exports[`Signup component Should render correctly 1`] = `
<ForwardRef(Card)
  classes={
    Object {
      "root": "MuiCard-root",
    }
  }
>
  <WithStyles(ForwardRef(CardHeader))
    title="Signup"
  />
  <WithStyles(ForwardRef(CardContent))>
    <ReactFinalForm
      onSubmit={[Function]}
      render={[Function]}
      validate={[Function]}
    />
  </WithStyles(ForwardRef(CardContent))>
</ForwardRef(Card)>
`;
